---
source: src/main.rs
expression: "String::from_utf8(output)"
---
Ok(
    "The random number is: 10\nEnter a number from 1-100: \nYou must enter a number.\nYou guessed correctly!\n",
)
